
> zapurse-ng@0.0.0 build
> ng build

[33mΓ¥»[39m Building...
[32mΓ£ö[39m Building...
Application bundle generation failed. [3.314 seconds]

npm : [1m[33m[33mΓû▓ [43
;33m[[43;30mWARNING[43;33m
][0m [1mTS-998113: 
RouterLink is not used 
within the template of 
ServicesGridComponent[0m 
[1m[35m[plugin 
angular-compiler][0m
At line:1 char:1
+ npm run build > 
build_output.txt 2>&1
+ ~~~~~~~~~~~~~~~~~~~~~~~~~~
~~~~~~~~~~~
    + CategoryInfo          
    : NotSpe    cified: 
([1m[3    
3m[33mΓ...r-com    
piler][0m:Strin    g) [], 
RemoteExc    eption
    + FullyQualified    
ErrorId : Native    
CommandError
 

    src/app/components/home/
services-grid/services-grid.
component.ts:10:33:
[37m      10 Γöé   
imports: 
[LucideAngularModule, 
[32mRouterLink[37m, 
ParticlesComponent],
         Γò╡                
                  
[32m~~~~~~~~~~[0m


[33mΓû▓ [43;33m[[43;30mWA
RNING[43;33m][0m 
[1mTS-998113: 
ParticlesComponent is not 
used within the template of 
ServicesGridComponent[0m 
[1m[35m[plugin 
angular-compiler][0m

    src/app/components/home/
services-grid/services-grid.
component.ts:10:45:
[37m      10 Γöé   
imports: 
[LucideAngularModule, 
RouterLink, [32mParticlesCo
mponent[37m],
         Γò╡                
                            
  
[32m~~~~~~~~~~~~~~~~~~[0m


[33mΓû▓ [43;33m[[43;30mWA
RNING[43;33m][0m 
[1mTS-998113: RouterLink 
is not used within the 
template of 
ServicesComponent[0m 
[1m[35m[plugin 
angular-compiler][0m

    src/app/pages/services/s
ervices.component.ts:11:26:
[37m      11 Γöé   
imports: [CommonModule, 
[32mRouterLink[37m, 
LucideAngularModule, 
Particl...
         Γò╡                
           
[32m~~~~~~~~~~[0m

[39m[22m
[1m[31m[31mX [41;31m[[4
1;97mERROR[41;31m][0m 
[1mNG5002: Opening tag 
"div" not terminated.[0m 
[1m[35m[plugin 
angular-compiler][0m

    src/app/components/home/
services-grid/services-grid.
component.html:17:12:
[37m      17 Γöé           
  [32m<div class="relative 
overflow-hidden 
rounded-[2rem] p-[37m...
         Γò╡             [3
2m~~~~~~~~~~~~~~~~~~~~~~~~~~
~~~~~~~~~~~~~~~~~~~~~~~~~~~~
[0m

  Error occurs in the 
template of component 
ServicesGridComponent.

    src/app/components/home/
services-grid/services-grid.
component.ts:11:15:
[37m      11 Γöé   
templateUrl: [32m'./service
s-grid.component.html'[37m,
         Γò╡                
[32m~~~~~~~~~~~~~~~~~~~~~~~
~~~~~~~~~[0m


[31mX [41;31m[[41;97mERRO
R[41;31m][0m [1mNG5002: 
Unexpected closing tag 
"div". It may happen when 
the tag has already been 
closed by another tag. For 
more info see https://www.w3
.org/TR/html5/syntax.html#cl
osing-elements-that-have-imp
lied-end-tags[0m 
[1m[35m[plugin 
angular-compiler][0m

    src/app/components/home/
services-grid/services-grid.
component.html:47:12:
[37m      47 Γöé           
  [32m</div>[37m
         Γò╡             
[32m~~~~~~[0m

  Error occurs in the 
template of component 
ServicesGridComponent.

    src/app/components/home/
services-grid/services-grid.
component.ts:11:15:
[37m      11 Γöé   
templateUrl: [32m'./service
s-grid.component.html'[37m,
         Γò╡                
[32m~~~~~~~~~~~~~~~~~~~~~~~
~~~~~~~~~[0m


[31mX [41;31m[[41;97mERRO
R[41;31m][0m [1mNG5002: 
Unexpected closing block. 
The block may have been 
closed earlier. If you 
meant to write the } 
character, you should use 
the "&#125;" HTML entity 
instead.[0m 
[1m[35m[plugin 
angular-compiler][0m

    src/app/components/home/
services-grid/services-grid.
component.html:48:12:
[37m      48 Γöé           
  [32m}[37m
         Γò╡             
[32m^[0m

  Error occurs in the 
template of component 
ServicesGridComponent.

    src/app/components/home/
services-grid/services-grid.
component.ts:11:15:
[37m      11 Γöé   
templateUrl: [32m'./service
s-grid.component.html'[37m,
         Γò╡                
[32m~~~~~~~~~~~~~~~~~~~~~~~
~~~~~~~~~[0m


[31mX [41;31m[[41;97mERRO
R[41;31m][0m [1mNG5002: 
Unexpected closing tag 
"div". It may happen when 
the tag has already been 
closed by another tag. For 
more info see https://www.w3
.org/TR/html5/syntax.html#cl
osing-elements-that-have-imp
lied-end-tags[0m 
[1m[35m[plugin 
angular-compiler][0m

    src/app/components/home/
services-grid/services-grid.
component.html:50:4:
[37m      50 Γöé     
[32m</div>[37m
         Γò╡     
[32m~~~~~~[0m

  Error occurs in the 
template of component 
ServicesGridComponent.

    src/app/components/home/
services-grid/services-grid.
component.ts:11:15:
[37m      11 Γöé   
templateUrl: [32m'./service
s-grid.component.html'[37m,
         Γò╡                
[32m~~~~~~~~~~~~~~~~~~~~~~~
~~~~~~~~~[0m

[39m[22m
